// Jest Snapshot v1, https://goo.gl/fbAQLP

exports[`The UserProfile component matches the snapshot 1`] = `
<div>
  <div
    class="sc-jRQBWg cDwDrH pg-grid-container name-display"
  >
    <div
      class="sc-gKclnd sc-iCfMLu YZhSi fQKovI pg-grid-row"
    >
      , 
    </div>
    <div
      class="sc-gKclnd sc-iCfMLu YZhSi fQKovI pg-grid-row"
    >
      a@a.a
    </div>
  </div>
</div>
`;
