// Jest Snapshot v1, https://goo.gl/fbAQLP

exports[`The Object Field Template renders a default TitleField and DescriptionField 1`] = `
<div>
  <div
    class="sc-jSMfEi dITViw pg-grid-container"
    cols="10"
  >
    <div
      class="sc-gKXOVf sc-iBkjds kvZYtW cysSRj pg-grid-row"
    >
      <div
        class="sc-ftvSup sc-papXJ kITJHv eXKdMJ pg-grid-col"
        width="100"
      >
        <fieldset
          class="jsx-4178779636"
        >
          <legend
            class="jsx-4178779636"
          >
            Test Title
          </legend>
          <span
            id="test-id__description"
          >
            Test Description
          </span>
        </fieldset>
      </div>
    </div>
  </div>
</div>
`;

exports[`The Object Field Template renders the provided TitleField and DescriptionField with the provided title and description 1`] = `
<div>
  <div
    class="sc-jSMfEi dITViw pg-grid-container"
    cols="10"
  >
    <div
      class="sc-gKXOVf sc-iBkjds kvZYtW cysSRj pg-grid-row"
    >
      <div
        class="sc-ftvSup sc-papXJ kITJHv eXKdMJ pg-grid-col"
        width="100"
      >
        <fieldset
          class="jsx-4178779636"
        >
          <legend
            class="jsx-4178779636"
          >
            Second title
          </legend>
          <p>
            Test 
            Another Description
          </p>
        </fieldset>
      </div>
    </div>
  </div>
</div>
`;
