// Jest Snapshot v1, https://goo.gl/fbAQLP

exports[`The SelectParentWidget Widget Matches the snapshot with a default value set 1`] = `
<div>
  <div
    class="jsx-3921837838"
  >
    <label
      class="jsx-3921837838"
      for="select-parent-dropdown-test-id"
    >
      Parent Label
    </label>
    <div
      class="sc-eCYdqJ bJnssn pg-select"
    >
      <div
        class="sc-gKXOVf kjA-DCE pg-select-wrapper"
      >
        <select
          aria-label="select-parent-dropdown-test-id-select"
          class="sc-iBkjds fhVste pg-select-input"
          id="select-parent-dropdown-test-id"
          name="select-parent-dropdown-test-id-select"
        >
          <option
            class="jsx-3921837838"
          >
            parent placeholder
          </option>
          <option
            class="jsx-3921837838"
            value="1"
          >
            EP
          </option>
          <option
            class="jsx-3921837838"
            value="2"
          >
            IA
          </option>
        </select>
      </div>
    </div>
    <label
      class="jsx-3921837838"
      for="select-child-dropdown-test-id"
    >
      Child Label
    </label>
    <div
      class="sc-eCYdqJ bJnssn pg-select"
    >
      <div
        class="sc-gKXOVf kjA-DCE pg-select-wrapper"
      >
        <select
          aria-label="select-child-dropdown-test-id-select"
          class="sc-iBkjds fhVste pg-select-input"
          id="select-child-dropdown-test-id"
          name="select-child-dropdown-test-id-select"
        >
          <option
            class="jsx-3921837838"
          >
            child placeholder
          </option>
        </select>
      </div>
    </div>
  </div>
</div>
`;
