// Jest Snapshot v1, https://goo.gl/fbAQLP

exports[`The SelectWidget Widget Matches the snapshot with a default value set 1`] = `
<div>
  <div
    class="jsx-9409829"
  >
    <div
      class="sc-eCYdqJ bJnssn pg-select"
    >
      <div
        class="sc-gKXOVf kjA-DCE pg-select-wrapper"
      >
        <select
          aria-label="Search"
          class="sc-iBkjds fhVste pg-select-input"
          id="1"
          name="1-select"
          placeholder="test placeholder"
        >
          <option
            class="jsx-9409829"
          >
            test placeholder
          </option>
          <option
            class="jsx-9409829"
            value="1"
          >
            Option 1
          </option>
          <option
            class="jsx-9409829"
            value="2"
          >
            Option 2
          </option>
        </select>
      </div>
    </div>
  </div>
</div>
`;

exports[`The SelectWidget Widget Matches the snapshot with no default value set 1`] = `
<div>
  <div
    class="jsx-9409829"
  >
    <div
      class="sc-eCYdqJ bJnssn pg-select"
    >
      <div
        class="sc-gKXOVf kjA-DCE pg-select-wrapper"
      >
        <select
          aria-label="Search"
          class="sc-iBkjds fhVste pg-select-input"
          id="1"
          name="1-select"
          placeholder="test placeholder"
        >
          <option
            class="jsx-9409829"
          >
            test placeholder
          </option>
          <option
            class="jsx-9409829"
            value="1"
          >
            Option 1
          </option>
          <option
            class="jsx-9409829"
            value="2"
          >
            Option 2
          </option>
        </select>
      </div>
    </div>
  </div>
</div>
`;
