// Jest Snapshot v1, https://goo.gl/fbAQLP

exports[`The Text Widget Matches the snapshot with the value set 1`] = `
<div>
  <div
    class="jsx-3304076584 inputWrapper"
  >
    <div
      class="sc-hKwDye jvzxmJ pg-input"
    >
      <input
        aria-label=""
        class="sc-jRQBWg AhBXp pg-input-input"
        id="1"
        name="1-input"
        placeholder="test placeholder"
        value="test"
      />
    </div>
  </div>
</div>
`;
